0	0	bicycle_s_000017.png
1	0	bicycle_s_000021.png
2	0	bicycle_s_000035.png
3	0	bicycle_s_000038.png
4	0	bicycle_s_000039.png
5	0	bicycle_s_000043.png
6	0	bicycle_s_000051.png
7	0	bicycle_s_000066.png
8	0	bicycle_s_000071.png
9	0	bicycle_s_000099.png
10	0	bicycle_s_000124.png
11	0	bicycle_s_000137.png
12	0	bicycle_s_000147.png
13	0	bicycle_s_000149.png
14	0	bicycle_s_000156.png
15	0	bicycle_s_000159.png
16	0	bicycle_s_000180.png
17	0	bicycle_s_000231.png
18	0	bicycle_s_000235.png
19	0	bicycle_s_000243.png
20	0	bicycle_s_000279.png
21	0	bicycle_s_000282.png
22	0	bicycle_s_000314.png
23	0	bicycle_s_000369.png
24	0	bicycle_s_000371.png
25	0	bicycle_s_000392.png
26	0	bicycle_s_000396.png
27	0	bicycle_s_000399.png
28	0	bicycle_s_000408.png
29	0	bicycle_s_000435.png
30	0	bicycle_s_000437.png
31	0	bicycle_s_000463.png
32	0	bicycle_s_000467.png
33	0	bicycle_s_000491.png
34	0	bicycle_s_000522.png
35	0	bicycle_s_000536.png
36	0	bicycle_s_000537.png
37	0	bicycle_s_000546.png
38	0	bicycle_s_000561.png
39	0	bicycle_s_000569.png
40	0	bicycle_s_000667.png
41	0	bicycle_s_000668.png
42	0	bicycle_s_000723.png
43	0	bicycle_s_000753.png
44	0	bicycle_s_000759.png
45	0	bicycle_s_000774.png
46	0	bicycle_s_000775.png
47	0	bicycle_s_000778.png
48	0	bicycle_s_000781.png
49	0	bicycle_s_000782.png
50	0	bicycle_s_000785.png
51	0	bicycle_s_000822.png
52	0	bicycle_s_000829.png
53	0	bicycle_s_000861.png
54	0	bicycle_s_000951.png
55	0	bicycle_s_000978.png
56	0	bicycle_s_000986.png
57	0	bicycle_s_000996.png
58	0	bicycle_s_001002.png
59	0	bicycle_s_001111.png
60	0	bicycle_s_001168.png
61	0	bicycle_s_001174.png
62	0	bicycle_s_001203.png
63	0	bicycle_s_001205.png
64	0	bicycle_s_001228.png
65	0	bicycle_s_001245.png
66	0	bicycle_s_001247.png
67	0	bicycle_s_001338.png
68	0	bicycle_s_001348.png
69	0	bicycle_s_001388.png
70	0	bicycle_s_001402.png
71	0	bicycle_s_001409.png
72	0	bicycle_s_001411.png
73	0	bicycle_s_001448.png
74	0	bicycle_s_001452.png
75	0	bicycle_s_001470.png
76	0	bicycle_s_001554.png
77	0	bicycle_s_001569.png
78	0	bicycle_s_001583.png
79	0	bicycle_s_001642.png
80	0	bicycle_s_001663.png
81	0	bicycle_s_001673.png
82	0	bicycle_s_001679.png
83	0	bicycle_s_001681.png
84	0	bicycle_s_001687.png
85	0	bicycle_s_001688.png
86	0	bicycle_s_001693.png
87	0	bicycle_s_001748.png
88	0	bicycle_s_001757.png
89	0	bicycle_s_001814.png
90	0	bicycle_s_001904.png
91	0	bicycle_s_001928.png
92	0	bicycle_s_001956.png
93	0	bicycle_s_002005.png
94	0	bicycle_s_002012.png
95	0	bicycle_s_002029.png
96	0	bicycle_s_002049.png
97	0	bicycle_s_002100.png
98	0	bicycle_s_002129.png
99	0	bicycle_s_002132.png
100	0	bicycle_s_002153.png
101	0	bicycle_s_002218.png
102	0	bicycle_s_002222.png
103	0	bicycle_s_002237.png
104	0	bicycle_s_002247.png
105	0	bicycle_s_002258.png
106	0	bicycle_s_002299.png
107	0	bicycle_s_002338.png
108	0	bicycle_s_002373.png
109	0	bicycle_s_002374.png
110	0	bicycle_s_002400.png
111	0	bicycle_s_002410.png
112	0	bicycle_s_002436.png
113	0	bicycle_s_002448.png
114	0	bicycle_s_002475.png
115	0	bicycle_s_002521.png
116	0	bicycle_s_002550.png
117	0	bicycle_s_002569.png
118	0	bicycle_s_002624.png
119	0	bicycle_s_002661.png
120	0	bicycle_s_002669.png
121	0	bicycle_s_002711.png
122	0	bicycle_s_002715.png
123	0	bicycle_s_002725.png
124	0	bicycle_s_002728.png
125	0	bicycle_s_002729.png
126	0	bicycle_s_002759.png
127	0	bicycle_s_002762.png
128	1	bike_s_000001.png
129	0	bike_s_000003.png
130	0	bike_s_000005.png
131	0	bike_s_000015.png
132	0	bike_s_000018.png
133	0	bike_s_000021.png
134	1	bike_s_000023.png
135	0	bike_s_000024.png
136	1	bike_s_000025.png
137	0	bike_s_000026.png
138	0	bike_s_000034.png
139	1	bike_s_000035.png
140	0	bike_s_000040.png
141	0	bike_s_000051.png
142	1	bike_s_000062.png
143	0	bike_s_000111.png
144	1	bike_s_000121.png
145	0	bike_s_000127.png
146	0	bike_s_000129.png
147	0	bike_s_000154.png
148	0	bike_s_000162.png
149	0	bike_s_000164.png
150	0	bike_s_000204.png
151	0	bike_s_000237.png
152	0	bike_s_000256.png
153	0	bike_s_000299.png
154	0	bike_s_000302.png
155	0	bike_s_000304.png
156	0	bike_s_000336.png
157	0	bike_s_000364.png
158	0	bike_s_000390.png
159	0	bike_s_000392.png
160	0	bike_s_000397.png
161	0	bike_s_000474.png
162	0	bike_s_000506.png
163	0	bike_s_000516.png
164	0	bike_s_000522.png
165	0	bike_s_000544.png
166	0	bike_s_000545.png
167	0	bike_s_000555.png
168	0	bike_s_000593.png
169	0	bike_s_000628.png
170	0	bike_s_000657.png
171	0	bike_s_000679.png
172	0	bike_s_000682.png
173	0	bike_s_000722.png
174	0	bike_s_000855.png
175	0	bike_s_000926.png
176	0	bike_s_000934.png
177	0	bike_s_000990.png
178	0	bike_s_001027.png
179	0	bike_s_001072.png
180	0	bike_s_001078.png
181	0	bike_s_001093.png
182	0	bike_s_001113.png
183	0	bike_s_001116.png
184	0	bike_s_001131.png
185	0	bike_s_001200.png
186	0	bike_s_001226.png
187	0	bike_s_001260.png
188	0	bike_s_001320.png
189	0	bike_s_001375.png
190	0	bike_s_001380.png
191	0	bike_s_001414.png
192	0	bike_s_001415.png
193	0	bike_s_001418.png
194	0	bike_s_001462.png
195	0	bike_s_001517.png
196	0	bike_s_001519.png
197	0	bike_s_001572.png
198	0	bike_s_001592.png
199	0	bike_s_001613.png
200	0	bike_s_001679.png
201	0	bike_s_001683.png
202	0	bike_s_001739.png
203	0	bike_s_001761.png
204	0	bike_s_001767.png
205	0	bike_s_001827.png
206	0	bike_s_001839.png
207	0	bike_s_001847.png
208	0	bike_s_001876.png
209	0	bike_s_001877.png
210	0	bike_s_001882.png
211	0	bike_s_001897.png
212	0	bike_s_001915.png
213	0	bike_s_001928.png
214	0	bike_s_001945.png
215	0	bike_s_001980.png
216	0	bike_s_002024.png
217	0	bike_s_002033.png
218	0	bike_s_002042.png
219	0	bike_s_002047.png
220	0	bike_s_002090.png
221	0	bike_s_002098.png
222	0	bike_s_002109.png
223	0	bike_s_002118.png
224	0	bike_s_002139.png
225	0	bike_s_002164.png
226	0	bike_s_002203.png
227	0	bike_s_002215.png
228	0	bike_s_002222.png
229	0	bike_s_002277.png
230	0	bike_s_002283.png
231	0	bike_s_002288.png
232	0	bike_s_002292.png
233	0	cycle_s_000042.png
234	0	cycle_s_000222.png
235	0	cycle_s_000318.png
236	0	cycle_s_000463.png
237	0	cycle_s_000492.png
238	0	cycle_s_000583.png
239	0	cycle_s_000639.png
240	0	cycle_s_000666.png
241	0	cycle_s_000718.png
242	0	cycle_s_000871.png
243	0	cycle_s_000899.png
244	0	cycle_s_001286.png
245	0	cycle_s_001309.png
246	0	cycle_s_001374.png
247	0	cycle_s_001412.png
248	0	cycle_s_001413.png
249	0	cycle_s_001439.png
250	0	cycle_s_001472.png
251	0	cycle_s_001474.png
252	0	cycle_s_001477.png
253	0	cycle_s_001640.png
254	0	cycle_s_001735.png
255	0	cycle_s_001745.png
256	0	cycle_s_001875.png
257	0	cycle_s_001976.png
258	0	cycle_s_002015.png
259	0	cycle_s_002053.png
260	0	cycle_s_002090.png
261	0	cycle_s_002092.png
262	0	cycle_s_002093.png
263	0	cycle_s_002168.png
264	0	cycle_s_002178.png
265	0	cycle_s_002399.png
266	0	cycle_s_002503.png
267	0	cycle_s_002598.png
268	0	cycle_s_002638.png
269	0	cycle_s_002651.png
270	0	cycle_s_002659.png
271	0	cycle_s_002666.png
272	0	cycle_s_002703.png
273	0	cycle_s_002746.png
274	0	cycle_s_002779.png
275	0	cycle_s_002844.png
276	0	cycle_s_002882.png
277	0	cycle_s_002904.png
278	0	cycle_s_002978.png
279	0	cycle_s_003006.png
280	0	cycle_s_003008.png
281	0	cycle_s_003026.png
282	0	cycle_s_003043.png
283	0	cycle_s_003122.png
284	0	cycle_s_003147.png
285	0	cycle_s_003148.png
286	0	cycle_s_003162.png
287	1	dirt_bike_s_000003.png
288	1	dirt_bike_s_000005.png
289	1	dirt_bike_s_000017.png
290	1	dirt_bike_s_000030.png
291	1	dirt_bike_s_000059.png
292	1	dirt_bike_s_000119.png
293	1	dirt_bike_s_000124.png
294	1	dirt_bike_s_000134.png
295	1	minibike_s_000010.png
296	1	minibike_s_000011.png
297	1	minibike_s_000020.png
298	1	minibike_s_000022.png
299	1	minibike_s_000035.png
300	1	minibike_s_000036.png
301	1	minibike_s_000064.png
302	1	minibike_s_000099.png
303	1	minibike_s_000102.png
304	1	minibike_s_000108.png
305	1	minibike_s_000110.png
306	1	minibike_s_000116.png
307	1	minibike_s_000117.png
308	1	minibike_s_000121.png
309	1	minibike_s_000127.png
310	1	minibike_s_000130.png
311	1	minibike_s_000146.png
312	1	minibike_s_000149.png
313	1	minibike_s_000165.png
314	1	minibike_s_000203.png
315	1	minibike_s_000218.png
316	1	minibike_s_000244.png
317	1	minibike_s_000293.png
318	1	minibike_s_000314.png
319	1	minibike_s_000324.png
320	1	minibike_s_000335.png
321	1	minibike_s_000340.png
322	1	minibike_s_000350.png
323	1	minibike_s_000362.png
324	1	minibike_s_000392.png
325	1	minibike_s_000401.png
326	1	minibike_s_000402.png
327	1	minibike_s_000408.png
328	1	minibike_s_000409.png
329	1	minibike_s_000427.png
330	1	minibike_s_000429.png
331	1	minibike_s_000434.png
332	1	minibike_s_000435.png
333	1	minibike_s_000451.png
334	1	minibike_s_000459.png
335	1	minibike_s_000485.png
336	1	minibike_s_000491.png
337	1	minibike_s_000498.png
338	1	minibike_s_000507.png
339	1	minibike_s_000511.png
340	1	minibike_s_000518.png
341	1	minibike_s_000519.png
342	1	minibike_s_000520.png
343	1	minibike_s_000522.png
344	1	minibike_s_000526.png
345	1	minibike_s_000527.png
346	1	minibike_s_000565.png
347	1	minibike_s_000566.png
348	1	minibike_s_000567.png
349	1	minibike_s_000568.png
350	1	minibike_s_000569.png
351	1	minibike_s_000570.png
352	1	minibike_s_000571.png
353	1	minibike_s_000613.png
354	1	minibike_s_000652.png
355	1	minibike_s_000654.png
356	1	minibike_s_000690.png
357	1	minibike_s_000698.png
358	1	minibike_s_000701.png
359	1	minibike_s_000709.png
360	1	minibike_s_000738.png
361	1	minibike_s_000741.png
362	1	minibike_s_000743.png
363	1	minibike_s_000800.png
364	1	minibike_s_000802.png
365	1	minibike_s_000813.png
366	1	minibike_s_000820.png
367	1	minibike_s_000824.png
368	1	minibike_s_000830.png
369	1	minibike_s_000831.png
370	1	minibike_s_000855.png
371	1	minibike_s_000885.png
372	1	minibike_s_000886.png
373	1	minibike_s_000906.png
374	1	minibike_s_000914.png
375	1	minibike_s_000967.png
376	1	minibike_s_000968.png
377	1	minibike_s_001016.png
378	1	minibike_s_001017.png
379	1	minibike_s_001072.png
380	1	minibike_s_001079.png
381	1	minibike_s_001094.png
382	1	minibike_s_001157.png
383	1	minibike_s_001168.png
384	1	minibike_s_001169.png
385	1	minibike_s_001177.png
386	1	minibike_s_001179.png
387	1	minibike_s_001185.png
388	1	minibike_s_001191.png
389	1	minibike_s_001193.png
390	1	minibike_s_001249.png
391	1	minibike_s_001250.png
392	1	minibike_s_001261.png
393	1	minibike_s_001270.png
394	1	minibike_s_001275.png
395	1	minibike_s_001279.png
396	1	minibike_s_001294.png
397	1	minibike_s_001344.png
398	1	minibike_s_001345.png
399	1	minibike_s_001348.png
400	1	minibike_s_001366.png
401	1	minibike_s_001417.png
402	1	minibike_s_001450.png
403	1	minibike_s_001458.png
404	1	minibike_s_001479.png
405	1	minibike_s_001491.png
406	1	minibike_s_001496.png
407	1	minibike_s_001498.png
408	1	minibike_s_001506.png
409	1	minibike_s_001511.png
410	1	minibike_s_001512.png
411	1	minibike_s_001539.png
412	1	minibike_s_001540.png
413	1	minibike_s_001546.png
414	1	minibike_s_001558.png
415	1	minibike_s_001565.png
416	1	minibike_s_001573.png
417	1	minibike_s_001575.png
418	1	minibike_s_001597.png
419	1	minibike_s_001631.png
420	1	minibike_s_001638.png
421	1	minibike_s_001639.png
422	1	minibike_s_001653.png
423	1	minibike_s_001689.png
424	1	minibike_s_001691.png
425	1	minibike_s_001701.png
426	1	minibike_s_001731.png
427	1	minibike_s_001734.png
428	1	minibike_s_001747.png
429	1	minibike_s_001767.png
430	1	minibike_s_001771.png
431	1	minibike_s_001789.png
432	1	minibike_s_001827.png
433	1	minibike_s_001829.png
434	1	minibike_s_001836.png
435	1	minibike_s_001838.png
436	1	minibike_s_001863.png
437	1	minibike_s_001865.png
438	1	minibike_s_001870.png
439	1	minibike_s_001873.png
440	1	minibike_s_001880.png
441	1	minibike_s_001881.png
442	1	minibike_s_001885.png
443	1	minibike_s_001917.png
444	1	minibike_s_001921.png
445	1	minibike_s_001944.png
446	1	minibike_s_001969.png
447	1	minibike_s_001972.png
448	1	minibike_s_001996.png
449	1	minibike_s_002009.png
450	1	minibike_s_002030.png
451	1	minibike_s_002038.png
452	1	minibike_s_002046.png
453	1	minibike_s_002048.png
454	1	minibike_s_002084.png
455	1	minibike_s_002115.png
456	1	minibike_s_002124.png
457	1	minibike_s_002130.png
458	1	minibike_s_002137.png
459	1	minibike_s_002146.png
460	1	minibike_s_002163.png
461	1	minibike_s_002176.png
462	1	minibike_s_002182.png
463	1	minibike_s_002186.png
464	1	minibike_s_002194.png
465	1	minibike_s_002196.png
466	1	minibike_s_002198.png
467	1	minibike_s_002218.png
468	1	moped_s_000004.png
469	1	moped_s_000009.png
470	1	moped_s_000021.png
471	1	moped_s_000030.png
472	1	moped_s_000034.png
473	1	moped_s_000035.png
474	1	moped_s_000044.png
475	1	moped_s_000065.png
476	1	moped_s_000071.png
477	1	moped_s_000119.png
478	1	moped_s_000124.png
479	1	moped_s_000135.png
480	1	moped_s_000168.png
481	1	moped_s_000169.png
482	1	moped_s_000236.png
483	1	moped_s_000237.png
484	1	motorbike_s_000009.png
485	1	motorbike_s_000021.png
486	1	motorbike_s_000022.png
487	1	motorbike_s_000035.png
488	1	motorbike_s_000041.png
489	1	motorbike_s_000058.png
490	1	motorbike_s_000060.png
491	1	motorbike_s_000062.png
492	1	motorbike_s_000068.png
493	1	motorbike_s_000106.png
494	1	motorbike_s_000115.png
495	1	motorbike_s_000117.png
496	1	motorbike_s_000119.png
497	1	motorbike_s_000124.png
498	1	motorbike_s_000134.png
499	1	motorbike_s_000141.png
500	1	motorbike_s_000172.png
501	1	motorbike_s_000221.png
502	1	motorbike_s_000223.png
503	1	motorbike_s_000225.png
504	1	motorbike_s_000254.png
505	1	motorbike_s_000308.png
506	1	motorbike_s_000331.png
507	1	motorbike_s_000346.png
508	1	motorbike_s_000361.png
509	1	motorbike_s_000362.png
510	1	motorbike_s_000427.png
511	1	motorbike_s_000449.png
512	1	motorbike_s_000463.png
513	1	motorbike_s_000501.png
514	1	motorbike_s_000534.png
515	1	motorbike_s_000541.png
516	1	motorbike_s_000578.png
517	1	motorcycle_s_000001.png
518	1	motorcycle_s_000002.png
519	1	motorcycle_s_000003.png
520	1	motorcycle_s_000004.png
521	1	motorcycle_s_000009.png
522	1	motorcycle_s_000022.png
523	1	motorcycle_s_000025.png
524	1	motorcycle_s_000026.png
525	1	motorcycle_s_000027.png
526	1	motorcycle_s_000029.png
527	1	motorcycle_s_000032.png
528	1	motorcycle_s_000050.png
529	1	motorcycle_s_000070.png
530	1	motorcycle_s_000072.png
531	1	motorcycle_s_000074.png
532	1	motorcycle_s_000076.png
533	1	motorcycle_s_000120.png
534	1	motorcycle_s_000126.png
535	1	motorcycle_s_000127.png
536	1	motorcycle_s_000133.png
537	1	motorcycle_s_000136.png
538	1	motorcycle_s_000144.png
539	1	motorcycle_s_000146.png
540	1	motorcycle_s_000151.png
541	1	motorcycle_s_000154.png
542	1	motorcycle_s_000167.png
543	1	motorcycle_s_000169.png
544	1	motorcycle_s_000170.png
545	1	motorcycle_s_000207.png
546	1	motorcycle_s_000216.png
547	1	motorcycle_s_000217.png
548	1	motorcycle_s_000219.png
549	1	motorcycle_s_000220.png
550	1	motorcycle_s_000221.png
551	1	motorcycle_s_000223.png
552	1	motorcycle_s_000242.png
553	1	motorcycle_s_000245.png
554	1	motorcycle_s_000246.png
555	1	motorcycle_s_000249.png
556	1	motorcycle_s_000252.png
557	1	motorcycle_s_000253.png
558	1	motorcycle_s_000256.png
559	1	motorcycle_s_000262.png
560	1	motorcycle_s_000277.png
561	1	motorcycle_s_000284.png
562	1	motorcycle_s_000290.png
563	1	motorcycle_s_000291.png
564	1	motorcycle_s_000300.png
565	1	motorcycle_s_000304.png
566	1	motorcycle_s_000309.png
567	1	motorcycle_s_000312.png
568	1	motorcycle_s_000319.png
569	1	motorcycle_s_000320.png
570	1	motorcycle_s_000325.png
571	1	motorcycle_s_000332.png
572	1	motorcycle_s_000339.png
573	1	motorcycle_s_000340.png
574	1	motorcycle_s_000346.png
575	1	motorcycle_s_000347.png
576	1	motorcycle_s_000353.png
577	1	motorcycle_s_000407.png
578	1	motorcycle_s_000417.png
579	1	motorcycle_s_000418.png
580	1	motorcycle_s_000422.png
581	1	motorcycle_s_000423.png
582	1	motorcycle_s_000430.png
583	1	motorcycle_s_000431.png
584	1	motorcycle_s_000432.png
585	1	motorcycle_s_000440.png
586	1	motorcycle_s_000447.png
587	1	motorcycle_s_000451.png
588	1	motorcycle_s_000454.png
589	1	motorcycle_s_000456.png
590	1	motorcycle_s_000459.png
591	1	motorcycle_s_000486.png
592	1	motorcycle_s_000496.png
593	1	motorcycle_s_000508.png
594	1	motorcycle_s_000517.png
595	1	motorcycle_s_000521.png
596	1	motorcycle_s_000542.png
597	1	motorcycle_s_000543.png
598	1	motorcycle_s_000545.png
599	1	motorcycle_s_000580.png
600	1	motorcycle_s_000585.png
601	1	motorcycle_s_000593.png
602	1	motorcycle_s_000594.png
603	1	motorcycle_s_000605.png
604	1	motorcycle_s_000617.png
605	1	motorcycle_s_000622.png
606	1	motorcycle_s_000629.png
607	1	motorcycle_s_000654.png
608	1	motorcycle_s_000669.png
609	1	motorcycle_s_000686.png
610	1	motorcycle_s_000687.png
611	1	motorcycle_s_000695.png
612	1	motorcycle_s_000696.png
613	1	motorcycle_s_000698.png
614	1	motorcycle_s_000699.png
615	1	motorcycle_s_000700.png
616	1	motorcycle_s_000713.png
617	1	motorcycle_s_000714.png
618	1	motorcycle_s_000724.png
619	1	motorcycle_s_000732.png
620	1	motorcycle_s_000734.png
621	1	motorcycle_s_000741.png
622	1	motorcycle_s_000772.png
623	1	motorcycle_s_000776.png
624	1	motorcycle_s_000785.png
625	1	motorcycle_s_000787.png
626	1	motorcycle_s_000790.png
627	1	motorcycle_s_000791.png
628	1	motorcycle_s_000792.png
629	1	motorcycle_s_000796.png
630	1	motorcycle_s_000807.png
631	1	motorcycle_s_000834.png
632	1	motorcycle_s_000887.png
633	1	motorcycle_s_000894.png
634	1	motorcycle_s_000917.png
635	1	motorcycle_s_000919.png
636	1	motorcycle_s_000922.png
637	1	motorcycle_s_000923.png
638	1	motorcycle_s_000924.png
639	1	motorcycle_s_000925.png
640	1	motorcycle_s_000928.png
641	1	motorcycle_s_000933.png
642	1	motorcycle_s_000938.png
643	1	motorcycle_s_000941.png
644	1	motorcycle_s_000978.png
645	1	motorcycle_s_000979.png
646	1	motorcycle_s_000989.png
647	1	motorcycle_s_000991.png
648	1	motorcycle_s_001012.png
649	1	motorcycle_s_001016.png
650	1	motorcycle_s_001017.png
651	1	motorcycle_s_001027.png
652	1	motorcycle_s_001033.png
653	1	motorcycle_s_001063.png
654	1	motorcycle_s_001064.png
655	1	motorcycle_s_001106.png
656	1	motorcycle_s_001118.png
657	1	motorcycle_s_001119.png
658	1	motorcycle_s_001126.png
659	1	motorcycle_s_001167.png
660	1	motorcycle_s_001176.png
661	1	motorcycle_s_001180.png
662	1	motorcycle_s_001181.png
663	1	motorcycle_s_001182.png
664	1	motorcycle_s_001183.png
665	1	motorcycle_s_001196.png
666	1	motorcycle_s_001197.png
667	1	motorcycle_s_001205.png
668	1	motorcycle_s_001209.png
669	1	motorcycle_s_001213.png
670	1	motorcycle_s_001215.png
671	1	motorcycle_s_001220.png
672	1	motorcycle_s_001236.png
673	1	motorcycle_s_001237.png
674	1	motorcycle_s_001238.png
675	1	motorcycle_s_001242.png
676	1	motorcycle_s_001244.png
677	1	motorcycle_s_001246.png
678	1	motorcycle_s_001247.png
679	1	motorcycle_s_001263.png
680	1	motorcycle_s_001273.png
681	1	motorcycle_s_001287.png
682	1	motorcycle_s_001297.png
683	1	motorcycle_s_001303.png
684	1	motorcycle_s_001315.png
685	1	motorcycle_s_001319.png
686	1	motorcycle_s_001326.png
687	1	motorcycle_s_001337.png
688	1	motorcycle_s_001360.png
689	1	motorcycle_s_001363.png
690	1	motorcycle_s_001368.png
691	1	motorcycle_s_001370.png
692	1	motorcycle_s_001384.png
693	1	motorcycle_s_001392.png
694	1	motorcycle_s_001397.png
695	1	motorcycle_s_001400.png
696	1	motorcycle_s_001402.png
697	1	motorcycle_s_001407.png
698	1	motorcycle_s_001409.png
699	1	motorcycle_s_001413.png
700	1	motorcycle_s_001435.png
701	1	motorcycle_s_001438.png
702	1	motorcycle_s_001439.png
703	1	motorcycle_s_001453.png
704	1	motorcycle_s_001492.png
705	1	motorcycle_s_001507.png
706	1	motorcycle_s_001520.png
707	1	motorcycle_s_001527.png
708	1	motorcycle_s_001536.png
709	1	motorcycle_s_001549.png
710	1	motorcycle_s_001563.png
711	1	motorcycle_s_001565.png
712	1	motorcycle_s_001580.png
713	1	motorcycle_s_001584.png
714	1	motorcycle_s_001585.png
715	1	motorcycle_s_001587.png
716	1	motorcycle_s_001610.png
717	1	motorcycle_s_001611.png
718	1	motorcycle_s_001622.png
719	1	motorcycle_s_001623.png
720	1	motorcycle_s_001641.png
721	1	motorcycle_s_001686.png
722	1	motorcycle_s_001690.png
723	1	motorcycle_s_001693.png
724	1	motorcycle_s_001695.png
725	1	motorcycle_s_001696.png
726	1	motorcycle_s_001699.png
727	1	motorcycle_s_001706.png
728	1	motorcycle_s_001707.png
729	1	motorcycle_s_001709.png
730	1	motorcycle_s_001710.png
731	1	motorcycle_s_001711.png
732	1	motorcycle_s_001714.png
733	1	motorcycle_s_001715.png
734	1	motorcycle_s_001753.png
735	1	motorcycle_s_001765.png
736	1	motorcycle_s_001767.png
737	1	motorcycle_s_001778.png
738	1	motorcycle_s_001784.png
739	1	motorcycle_s_001790.png
740	1	motorcycle_s_001792.png
741	1	motorcycle_s_001848.png
742	1	motorcycle_s_001853.png
743	1	motorcycle_s_001856.png
744	1	motorcycle_s_001862.png
745	1	motorcycle_s_001878.png
746	1	motorcycle_s_001896.png
747	1	motorcycle_s_001905.png
748	1	motorcycle_s_001920.png
749	1	motorcycle_s_001973.png
750	1	motorcycle_s_002030.png
751	1	motorcycle_s_002031.png
752	1	motorcycle_s_002065.png
753	1	motorcycle_s_002066.png
754	1	motorcycle_s_002067.png
755	1	motorcycle_s_002105.png
756	1	motorcycle_s_002121.png
757	1	motorcycle_s_002140.png
758	1	motorcycle_s_002143.png
759	1	motorcycle_s_002153.png
760	1	motorcycle_s_002162.png
761	1	motorcycle_s_002183.png
762	1	motorcycle_s_002192.png
763	1	motorcycle_s_002193.png
764	1	motorcycle_s_002197.png
765	1	motorcycle_s_002214.png
766	1	motorcycle_s_002215.png
767	1	motorcycle_s_002221.png
768	1	motorcycle_s_002222.png
769	1	motorcycle_s_002225.png
770	1	motorcycle_s_002234.png
771	1	motorcycle_s_002236.png
772	1	motorcycle_s_002237.png
773	1	motorcycle_s_002254.png
774	1	motorcycle_s_002271.png
775	1	motorcycle_s_002275.png
776	1	motorcycle_s_002291.png
777	1	motorcycle_s_002298.png
778	1	motorcycle_s_002316.png
779	1	motorcycle_s_002317.png
780	0	ordinary_bicycle_s_000008.png
781	0	ordinary_bicycle_s_000011.png
782	0	ordinary_bicycle_s_000016.png
783	0	ordinary_bicycle_s_000022.png
784	0	ordinary_bicycle_s_000023.png
785	0	ordinary_bicycle_s_000029.png
786	0	ordinary_bicycle_s_000031.png
787	0	ordinary_bicycle_s_000035.png
788	0	ordinary_bicycle_s_000036.png
789	0	ordinary_bicycle_s_000049.png
790	0	ordinary_bicycle_s_000056.png
791	0	ordinary_bicycle_s_000060.png
792	0	ordinary_bicycle_s_000066.png
793	0	ordinary_bicycle_s_000095.png
794	0	ordinary_bicycle_s_000096.png
795	0	ordinary_bicycle_s_000097.png
796	0	ordinary_bicycle_s_000098.png
797	0	ordinary_bicycle_s_000099.png
798	0	ordinary_bicycle_s_000100.png
799	0	ordinary_bicycle_s_000101.png
800	0	ordinary_bicycle_s_000102.png
801	0	ordinary_bicycle_s_000104.png
802	0	ordinary_bicycle_s_000107.png
803	0	ordinary_bicycle_s_000110.png
804	0	ordinary_bicycle_s_000112.png
805	0	ordinary_bicycle_s_000125.png
806	0	ordinary_bicycle_s_000154.png
807	0	ordinary_bicycle_s_000155.png
808	0	ordinary_bicycle_s_000157.png
809	0	ordinary_bicycle_s_000161.png
810	0	ordinary_bicycle_s_000167.png
811	0	ordinary_bicycle_s_000201.png
812	0	ordinary_bicycle_s_000205.png
813	0	ordinary_bicycle_s_000216.png
814	0	ordinary_bicycle_s_000218.png
815	0	ordinary_bicycle_s_000265.png
816	0	ordinary_bicycle_s_000269.png
817	0	ordinary_bicycle_s_000274.png
818	0	ordinary_bicycle_s_000277.png
819	0	ordinary_bicycle_s_000280.png
820	0	ordinary_bicycle_s_000286.png
821	0	ordinary_bicycle_s_000297.png
822	0	ordinary_bicycle_s_000298.png
823	0	ordinary_bicycle_s_000308.png
824	0	ordinary_bicycle_s_000324.png
825	0	ordinary_bicycle_s_000347.png
826	0	ordinary_bicycle_s_000355.png
827	0	ordinary_bicycle_s_000387.png
828	0	ordinary_bicycle_s_000419.png
829	0	ordinary_bicycle_s_000426.png
830	0	ordinary_bicycle_s_000432.png
831	0	ordinary_bicycle_s_000433.png
832	0	ordinary_bicycle_s_000451.png
833	0	safety_bicycle_s_000019.png
834	0	safety_bicycle_s_000079.png
835	0	safety_bicycle_s_000092.png
836	0	safety_bicycle_s_000125.png
837	0	safety_bicycle_s_000140.png
838	0	safety_bicycle_s_000162.png
839	0	safety_bicycle_s_000167.png
840	0	safety_bicycle_s_000193.png
841	0	safety_bicycle_s_000196.png
842	0	safety_bicycle_s_000207.png
843	0	safety_bicycle_s_000232.png
844	0	safety_bicycle_s_000233.png
845	0	safety_bicycle_s_000239.png
846	0	safety_bicycle_s_000255.png
847	0	safety_bicycle_s_000261.png
848	0	safety_bicycle_s_000296.png
849	0	safety_bicycle_s_000303.png
850	0	safety_bicycle_s_000322.png
851	0	safety_bicycle_s_000324.png
852	0	safety_bicycle_s_000348.png
853	0	safety_bicycle_s_000359.png
854	0	safety_bicycle_s_000373.png
855	0	safety_bicycle_s_000425.png
856	0	safety_bicycle_s_000427.png
857	0	safety_bicycle_s_000500.png
858	0	safety_bicycle_s_000532.png
859	0	safety_bicycle_s_000533.png
860	0	safety_bicycle_s_000568.png
861	0	safety_bicycle_s_000655.png
862	0	safety_bicycle_s_000660.png
863	0	safety_bicycle_s_000728.png
864	0	safety_bicycle_s_000760.png
865	0	safety_bicycle_s_000789.png
866	0	safety_bicycle_s_000860.png
867	0	safety_bicycle_s_001026.png
868	0	safety_bicycle_s_001028.png
869	0	safety_bicycle_s_001029.png
870	0	safety_bicycle_s_001049.png
871	0	safety_bicycle_s_001063.png
872	0	safety_bicycle_s_001085.png
873	0	safety_bicycle_s_001109.png
874	0	safety_bicycle_s_001113.png
875	0	safety_bicycle_s_001202.png
876	0	safety_bicycle_s_001240.png
877	0	safety_bicycle_s_001243.png
878	0	safety_bicycle_s_001253.png
879	0	safety_bicycle_s_001254.png
880	0	safety_bicycle_s_001303.png
881	0	safety_bicycle_s_001320.png
882	0	safety_bicycle_s_001327.png
883	0	safety_bicycle_s_001381.png
884	0	safety_bicycle_s_001570.png
885	0	safety_bicycle_s_001608.png
886	0	safety_bicycle_s_001639.png
887	0	safety_bicycle_s_001651.png
888	0	safety_bicycle_s_001659.png
889	0	safety_bicycle_s_001699.png
890	0	safety_bicycle_s_001705.png
891	0	safety_bicycle_s_001706.png
892	0	safety_bike_s_000009.png
893	0	safety_bike_s_000015.png
894	0	safety_bike_s_000054.png
895	0	safety_bike_s_000058.png
896	0	safety_bike_s_000079.png
897	0	safety_bike_s_000100.png
898	0	safety_bike_s_000104.png
899	0	safety_bike_s_000155.png
900	0	safety_bike_s_000158.png
901	0	safety_bike_s_000160.png
902	0	safety_bike_s_000165.png
903	0	safety_bike_s_000173.png
904	0	safety_bike_s_000178.png
905	0	safety_bike_s_000198.png
906	0	safety_bike_s_000244.png
907	0	safety_bike_s_000245.png
908	0	safety_bike_s_000263.png
909	0	safety_bike_s_000277.png
910	0	safety_bike_s_000311.png
911	0	safety_bike_s_000328.png
912	0	safety_bike_s_000381.png
913	0	safety_bike_s_000461.png
914	0	safety_bike_s_000482.png
915	0	safety_bike_s_000567.png
916	0	safety_bike_s_000643.png
917	0	safety_bike_s_000830.png
918	0	safety_bike_s_000848.png
919	0	safety_bike_s_000867.png
920	0	safety_bike_s_000914.png
921	0	safety_bike_s_000921.png
922	0	safety_bike_s_000934.png
923	0	safety_bike_s_000950.png
924	0	safety_bike_s_000963.png
925	0	safety_bike_s_000984.png
926	0	safety_bike_s_000989.png
927	0	safety_bike_s_001010.png
928	0	safety_bike_s_001012.png
929	0	safety_bike_s_001148.png
930	0	safety_bike_s_001257.png
931	0	safety_bike_s_001289.png
932	0	safety_bike_s_001338.png
933	0	safety_bike_s_001355.png
934	0	safety_bike_s_001371.png
935	0	safety_bike_s_001465.png
936	0	safety_bike_s_001472.png
937	0	safety_bike_s_001474.png
938	0	safety_bike_s_001552.png
939	0	safety_bike_s_001560.png
940	0	safety_bike_s_001590.png
941	0	safety_bike_s_001608.png
942	0	safety_bike_s_001640.png
943	0	safety_bike_s_001659.png
944	0	safety_bike_s_001715.png
945	0	safety_bike_s_001784.png
946	1	trail_bike_s_000016.png
947	0	velocipede_s_000010.png
948	0	velocipede_s_000012.png
949	0	velocipede_s_000021.png
950	0	velocipede_s_000023.png
951	0	velocipede_s_000049.png
952	0	velocipede_s_000139.png
953	0	velocipede_s_000265.png
954	0	velocipede_s_000282.png
955	0	velocipede_s_000330.png
956	0	velocipede_s_000358.png
957	0	velocipede_s_000430.png
958	0	velocipede_s_000485.png
959	0	velocipede_s_000586.png
960	0	velocipede_s_000659.png
961	0	velocipede_s_000670.png
962	0	velocipede_s_000702.png
963	0	velocipede_s_000807.png
964	0	velocipede_s_000825.png
965	0	velocipede_s_000931.png
966	0	velocipede_s_000949.png
967	0	velocipede_s_000989.png
968	0	velocipede_s_001056.png
969	0	velocipede_s_001141.png
970	0	velocipede_s_001142.png
971	0	velocipede_s_001158.png
972	0	velocipede_s_001166.png
973	0	velocipede_s_001200.png
974	0	velocipede_s_001210.png
975	0	velocipede_s_001222.png
976	0	velocipede_s_001225.png
977	0	velocipede_s_001244.png
978	0	velocipede_s_001278.png
979	0	velocipede_s_001279.png
980	0	velocipede_s_001298.png
981	0	velocipede_s_001299.png
982	0	velocipede_s_001338.png
983	0	velocipede_s_001358.png
984	0	velocipede_s_001361.png
985	0	velocipede_s_001422.png
986	0	velocipede_s_001489.png
987	0	velocipede_s_001514.png
988	0	velocipede_s_001585.png
989	0	velocipede_s_001637.png
990	0	velocipede_s_001870.png
991	0	velocipede_s_001872.png
992	0	velocipede_s_001874.png
993	0	velocipede_s_001880.png
994	0	velocipede_s_001882.png
995	0	velocipede_s_001883.png
996	0	velocipede_s_001907.png
997	0	velocipede_s_001920.png
998	0	velocipede_s_001935.png
999	0	velocipede_s_001958.png
